Feline good!
Feline good!
Feline good!
Feline good!
Feline good!
Feline good!
Feline good!
Feline good!
Feline good!
Feline good!
Feline good!
Feline good!
Feline good!
Feline good!
Feline good!
Feline good!
Feline good!
Feline good!
Feline good!
Feline good!
Feline good!
Feline good!
Feline good!
Feline good!
Feline good!
Feline good!
Feline good!
Feline good!
Feline good!
Feline good!
Feline good!
Feline good!
Feline good!
Feline good!
Feline good!
Feline good!
Feline good!
Feline good!
Feline good!
Feline good!
Feline good!
Feline good!
Feline good!
Feline good!
Feline good!
Feline good!
Feline good!
Feline good!
Feline good!
Feline good!
Feline good!
Feline good!
Feline good!
Feline good!
Feline good!
Feline good!
Feline good!
Feline good!
Feline good!
Feline good!
Feline good!
Feline good!
Feline good!
Feline good!
Feline good!
Feline good!
Feline good!
Feline good!
Feline good!
Feline good!
Feline good!
Feline good!
Feline good!
Feline good!
Feline good!
Feline good!
Feline good!
Feline good!
Feline good!
Feline good!
Feline good!
Feline good!
Feline good!
Feline good!
Feline good!
Feline good!
Feline good!
Feline good!
Feline good!
Feline good!
Feline good!
Feline good!
Feline good!
Feline good!
Feline good!
Feline good!
Feline good!
Feline good!
Feline good!
Feline good!
Feline good!
Feline good!
Feline good!
Feline good!
Feline good!
Feline good!
Feline good!
Feline good!
Feline good!
Feline good!
Feline good!
Feline good!
Feline good!
Feline good!
Feline good!
Feline good!
Feline good!
Feline good!
Feline good!
Feline good!
Feline good!
Feline good!
Feline good!
Feline good!
Feline good!
Feline good!
Feline good!
Feline good!
Feline good!
Feline good!
Feline good!
Feline good!
Feline good!
Feline good!
Feline good!
Feline good!
Feline good!
Feline good!
Feline good!
Feline good!
Feline good!
Feline good!
Feline good!
Feline good!
Feline good!
Feline good!
Feline good!
Feline good!
Feline good!
Feline good!
Feline good!
Feline good!
Feline good!
Feline good!
Feline good!
Feline good!
Feline good!
Feline good!
Feline good!
Feline good!
Feline good!
Feline good!
Feline good!
Feline good!
Feline good!
Feline good!
Feline good!
Feline good!
Feline good!
Feline good!
Feline good!
Feline good!
Feline good!
Feline good!
Feline good!
Feline good!
Feline good!
Feline good!
Feline good!
Feline good!
Feline good!
Feline good!
Feline good!
Feline good!
Feline good!
Feline good!
Feline good!
Feline good!
Feline good!
Feline good!
Feline good!
Feline good!
Feline good!
Feline good!
Feline good!
Feline good!
Feline good!
Feline good!
Feline good!
Feline good!
Feline good!
Feline good!
Feline good!
Feline good!
Feline good!
Feline good!
Feline good!
Feline good!
Feline good!
Feline good!
Feline good!
Feline good!
Feline good!
Feline good!
Feline good!
Feline good!
Feline good!
Feline good!
Feline good!
Feline good!
Feline good!
Feline good!
Feline good!
Feline good!
Feline good!
Feline good!
Feline good!
Feline good!
Feline good!
Feline good!
Feline good!
Feline good!
Feline good!
Feline good!
Feline good!
Feline good!
Feline good!
Feline good!
Feline good!
Feline good!
Feline good!
Feline good!
Feline good!
Feline good!
Feline good!
Feline good!
Feline good!
Feline good!
Feline good!
Feline good!
Feline good!
Feline good!
Feline good!
Feline good!
Feline good!
Feline good!
Feline good!
Feline good!
Feline good!
Feline good!
Feline good!
Feline good!
Feline good!
Feline good!
Feline good!
Feline good!
Feline good!
Feline good!
Feline good!
Feline good!
Feline good!
Feline good!
Feline good!
Feline good!
Feline good!
Feline good!
Feline good!
Feline good!
Feline good!
Feline good!
Feline good!
Feline good!
Feline good!
Feline good!
Feline good!
Feline good!
Feline good!
Feline good!
Feline good!
Feline good!
Feline good!
Feline good!
Feline good!
Feline good!
Feline good!
Feline good!
Feline good!
Feline good!
Feline good!
Feline good!
Feline good!
Feline good!
Feline good!
Feline good!
Feline good!
Feline good!
Feline good!
Feline good!
Feline good!
Feline good!
Feline good!
Feline good!
Feline good!
Feline good!
Feline good!
Feline good!
Feline good!
Feline good!
Feline good!
Feline good!
Feline good!
Feline good!
Feline good!
Feline good!
Feline good!
Feline good!
Feline good!
Feline good!
Feline good!
Feline good!
Feline good!
Feline good!
Feline good!
Feline good!
Feline good!
Feline good!
Feline good!
Feline good!
Feline good!
Feline good!
Feline good!
Feline good!
Feline good!
Feline good!
Feline good!
Feline good!
Feline good!
Feline good!
Feline good!
Feline good!
Feline good!
Feline good!
Feline good!
Feline good!
Feline good!
Feline good!
Feline good!
Feline good!
Feline good!
Feline good!
Feline good!
Feline good!
Feline good!
Feline good!
Feline good!
Feline good!
Feline good!
Feline good!
Feline good!
Feline good!
Feline good!
Feline good!
Feline good!
Feline good!
Feline good!
Feline good!
Feline good!
Feline good!
Feline good!
Feline good!
Feline good!
Feline good!
Feline good!
Feline good!
Feline good!
Feline good!
Feline good!
Feline good!
Feline good!
Feline good!
Feline good!
Feline good!
Feline good!
Feline good!
Feline good!
Feline good!
Feline good!
Feline good!
Feline good!
Feline good!
Feline good!
Feline good!
Feline good!
Feline good!
Feline good!
Feline good!
Feline good!
Feline good!
Feline good!
Feline good!
Feline good!
Feline good!
Feline good!
Feline good!
Feline good!
Feline good!
Feline good!
Feline good!
Feline good!
Feline good!
Feline good!
Feline good!
Feline good!
Feline good!
Feline good!
Feline good!
Feline good!
Feline good!
Feline good!
Feline good!
Feline good!
Feline good!
Feline good!
Feline good!
Feline good!
Feline good!
Feline good!
Feline good!
Feline good!
Feline good!
Feline good!
Feline good!
Feline good!
Feline good!
Feline good!
Feline good!
Feline good!
Feline good!
Feline good!
Feline good!
Feline good!
Feline good!
Feline good!
Feline good!
Feline good!
Feline good!
Feline good!
Feline good!
Feline good!
Feline good!
Feline good!
Feline good!
Feline good!
Feline good!
Feline good!
Feline good!
Feline good!
Feline good!
Feline good!
Feline good!
Feline good!
Feline good!
Feline good!
Feline good!
Feline good!
Feline good!
Feline good!
Feline good!
Feline good!
Feline good!
Feline good!
Feline good!
Feline good!
Feline good!
Feline good!
Feline good!
Feline good!
Feline good!
Feline good!
Feline good!
Feline good!
Feline good!
Feline good!
Feline good!
Feline good!
Feline good!
Feline good!
Feline good!
Feline good!
Feline good!
Feline good!
Feline good!
Feline good!
Feline good!
Feline good!
Feline good!
Feline good!
Feline good!
Feline good!
Feline good!
Feline good!
Feline good!
Feline good!
Feline good!
Feline good!
Feline good!
Feline good!
Feline good!
Feline good!
Feline good!
Feline good!
Feline good!
Feline good!
Feline good!
Feline good!
Feline good!
Feline good!
Feline good!
Feline good!
Feline good!
Feline good!
Feline good!
Feline good!
Feline good!
Feline good!
Feline good!
Feline good!
Feline good!
Feline good!
Feline good!
Feline good!
Feline good!
Feline good!
Feline good!
Feline good!
Feline good!
Feline good!
Feline good!
Feline good!
Feline good!
Feline good!
Feline good!
Feline good!
Feline good!
Feline good!
Feline good!
Feline good!
Feline good!
Feline good!
Feline good!
Feline good!
Feline good!
Feline good!
Feline good!
Feline good!
Feline good!
Feline good!
Feline good!
Feline good!
Feline good!
Feline good!
Feline good!
Feline good!
Feline good!
Feline good!
Feline good!
Feline good!
Feline good!
Feline good!
Feline good!
Feline good!
Feline good!
Feline good!
Feline good!
Feline good!
Feline good!
Feline good!
Feline good!
Feline good!
Feline good!
Feline good!
Feline good!
Feline good!
Feline good!
Feline good!
Feline good!
Feline good!
Feline good!
Feline good!
Feline good!
Feline good!
Feline good!
Feline good!
Feline good!
Feline good!
Feline good!
Feline good!
Feline good!
Feline good!
Feline good!
Feline good!
Feline good!
Feline good!
Feline good!
Feline good!
Feline good!
Feline good!
Feline good!
Feline good!
Feline good!
Feline good!
Feline good!
Feline good!
Feline good!
Feline good!
Feline good!
Feline good!
Feline good!
Feline good!
Feline good!
Feline good!
Feline good!
Feline good!
Feline good!
Feline good!
Feline good!
Feline good!
Feline good!
Feline good!
Feline good!
Feline good!
Feline good!
Feline good!
Feline good!
Feline good!
Feline good!
Feline good!
Feline good!
Feline good!
Feline good!
Feline good!
Feline good!
Feline good!
Feline good!
Feline good!
Feline good!
Feline good!
Feline good!
Feline good!
Feline good!
Feline good!
Feline good!
Feline good!
Feline good!
Feline good!
Feline good!
Feline good!
Feline good!
Feline good!
Feline good!
Feline good!
Feline good!
Feline good!
Feline good!
Feline good!
Feline good!
Feline good!
Feline good!
Feline good!
Feline good!
Feline good!
Feline good!
Feline good!
Feline good!
Feline good!
Feline good!
Feline good!
Feline good!
Feline good!
Feline good!
Feline good!
Feline good!
Feline good!
Feline good!
Feline good!
Feline good!
Feline good!
Feline good!
Feline good!
Feline good!
Feline good!
Feline good!
Feline good!
Feline good!
Feline good!
Feline good!
Feline good!
Feline good!
Feline good!
Feline good!
Feline good!
Feline good!
Feline good!
Feline good!
Feline good!
Feline good!
Feline good!
Feline good!
Feline good!
Feline good!
Feline good!
Feline good!
Feline good!
Feline good!
Feline good!
Feline good!
Feline good!
Feline good!
Feline good!
Feline good!
Feline good!
Feline good!
Feline good!
Feline good!
Feline good!
Feline good!
Feline good!
Feline good!
Feline good!
Feline good!
Feline good!
Feline good!
Feline good!
Feline good!
Feline good!
Feline good!
Feline good!
Feline good!
Feline good!
Feline good!
Feline good!
Feline good!
Feline good!
Feline good!
Feline good!
Feline good!
Feline good!
Feline good!
Feline good!
Feline good!
Feline good!
Feline good!
Feline good!
Feline good!
Feline good!
Feline good!
Feline good!
Feline good!
Feline good!
Feline good!
Feline good!
Feline good!
Feline good!
Feline good!
Feline good!
Feline good!
Feline good!
Feline good!
Feline good!
Feline good!
Feline good!
Feline good!
Feline good!
Feline good!
Feline good!
Feline good!
Feline good!
Feline good!
Feline good!
Feline good!
Feline good!
Feline good!
Feline good!
Feline good!
Feline good!
Feline good!
Feline good!
Feline good!
Feline good!
Feline good!
Feline good!
Feline good!
Feline good!
Feline good!
Feline good!
Feline good!
Feline good!
Feline good!
Feline good!
Feline good!
Feline good!
Feline good!
Feline good!
Feline good!
Feline good!
Feline good!
Feline good!
Feline good!
Feline good!
Feline good!
Feline good!
Feline good!
Feline good!
Feline good!
Feline good!
Feline good!
Feline good!
Feline good!
Feline good!
Feline good!
Feline good!
Feline good!
Feline good!
Feline good!
Feline good!
Feline good!
Feline good!
Feline good!
Feline good!
Feline good!
Feline good!
Feline good!
Feline good!
Feline good!
Feline good!
Feline good!
Feline good!
Feline good!
Feline good!
Feline good!
Feline good!
Feline good!
Feline good!
Feline good!
Feline good!
Feline good!
Feline good!
Feline good!
Feline good!
Feline good!
Feline good!
Feline good!
Feline good!
Feline good!
Feline good!
Feline good!
Feline good!
Feline good!
Feline good!
Feline good!
Feline good!
Feline good!
Feline good!
Feline good!
Feline good!
Feline good!
Feline good!
Feline good!
Feline good!
Feline good!
Feline good!
Feline good!
Feline good!
Feline good!
Feline good!
Feline good!
Feline good!
Feline good!
Feline good!
Feline good!
Feline good!
Feline good!
Feline good!
Feline good!
Feline good!
Feline good!
Feline good!
Feline good!
Feline good!
Feline good!
Feline good!
Feline good!
Feline good!
Feline good!
Feline good!
Feline good!
Feline good!
Feline good!
Feline good!
Feline good!
Feline good!
Feline good!
Feline good!
Feline good!
Feline good!
Feline good!
Feline good!
Feline good!
Feline good!
Feline good!
Feline good!
Feline good!
Feline good!
Feline good!
Feline good!
Feline good!
Feline good!
Feline good!
Feline good!
Feline good!
Feline good!
Feline good!
Feline good!
Feline good!
Feline good!
Feline good!
Feline good!
Feline good!
Feline good!
Feline good!
Feline good!
Feline good!
Feline good!
Feline good!
Feline good!
Feline good!
Feline good!
Feline good!
Feline good!
Feline good!
Feline good!
Feline good!
Feline good!
Feline good!
Feline good!
Feline good!
Feline good!
Feline good!
Feline good!
Feline good!
Feline good!
Feline good!
Feline good!
Feline good!
Feline good!
Feline good!
Feline good!
Feline good!
Feline good!
Feline good!
Feline good!
Feline good!
Feline good!
Feline good!
Feline good!
Feline good!
Feline good!
Feline good!
Feline good!
Feline good!
Feline good!
Feline good!
Feline good!
Feline good!
Feline good!
Feline good!
Feline good!
Feline good!
Feline good!
Feline good!
Feline good!
Feline good!
Feline good!
Feline good!
Feline good!
Feline good!
Feline good!
Feline good!
Feline good!
Feline good!
